[WS] Multiplayer WebSocket Server gestartet auf Port 8765
[+] Client t6xslcdad connected (::1), total: 1
[-] Client disconnected, total: 0
[WS] Multiplayer WebSocket Server gestartet auf Port 8765
[+] Client q858in1zu connected (::1), total: 1
[-] Client disconnected, total: 0
[WS] Multiplayer WebSocket Server gestartet auf Port 8765
[+] Client qgmbbiqnh connected (::1), total: 1
[-] Client disconnected, total: 0
^C[WS] Multiplayer WebSocket Server gestartet auf Port 8765
[+] Client kyjuh85wi connected (::1), total: 1
[-] Client disconnected, total: 0
^C[WS] Multiplayer WebSocket Server gestartet auf Port 8765
[+] Client 1f3j4f46i connected (::1), total: 1
[+] Client 58uipsza1 connected (::1), total: 2
[-] Client disconnected, total: 1
[+] Client ajm9s1azn connected (::ffff:127.0.0.1), total: 2
[-] Client disconnected, total: 1
[-] Client disconnected, total: 0
^C[WS] Multiplayer WebSocket Server gestartet auf Port 8765
[+] Client ln1f3pa9u connected (::1), total: 1
[+] Client vfqeo2a1e connected (::1), total: 2
[-] Client disconnected, total: 1
[+] Client lo6ezb8rl connected (::1), total: 2
[Room] Created jsx9ux4rn (ttt) by rik
[+] Client ntrqrzl9e connected (::ffff:10.0.0.47), total: 3
[+] Client 0qre558so connected (::ffff:10.0.0.47), total: 4
[-] Client disconnected, total: 3
[+] Client eva1zjm0e connected (::ffff:10.0.0.47), total: 4
[Room] RICH joined jsx9ux4rn
[-] Client disconnected, total: 3
[+] Client s09v5njcy connected (::ffff:10.0.0.47), total: 4
[-] Client disconnected, total: 3
[-] Client disconnected, total: 2
[-] Client disconnected, total: 1
^C[WS] Multiplayer WebSocket Server gestartet auf Port 8765
[+] Client wdpffha2q connected (::1), total: 1
[-] Client disconnected, total: 0
[+] Client u19vg7ah0 connected (::1), total: 1
[+] Client drr94jsvr connected (::ffff:10.0.0.47), total: 2
[-] Client disconnected, total: 1
[+] Client ka7bscpe5 connected (::ffff:10.0.0.47), total: 2
[-] Client disconnected, total: 1
[+] Client l0soics3t connected (::ffff:10.0.0.47), total: 2
[-] Client disconnected, total: 1
[WS] Multiplayer WebSocket Server gestartet auf Port 8765
[+] Client e879wqasx connected (::1), total: 1
[+] Client 9scbjjac9 connected (::1), total: 2
[-] Client disconnected, total: 1
[-] Client disconnected, total: 0
[+] Client 0gqypky2a connected (::1), total: 1
[-] Client disconnected, total: 0
[+] Client vjlvvp2p3 connected (::1), total: 1
[-] Client disconnected, total: 0
[+] Client u1n8wxxxd connected (::1), total: 1
[WS] Multiplayer WebSocket Server gestartet auf Port 8765
[WS] Port 8765 bereits belegt – server laeuft bereits
[WS] Multiplayer WebSocket Server gestartet auf Port 8765
[+] Client 1w10vswfr connected (::1), total: 1
[+] Client tgs9ipujr connected (::ffff:10.0.0.47), total: 2
[-] Client disconnected, total: 1
[+] Client 8e1gvri6e connected (::1), total: 2
[-] Client disconnected, total: 1
[+] Client i1yxd2bed connected (::1), total: 2
[-] Client disconnected, total: 1
[WS] Multiplayer WebSocket Server gestartet auf Port 8765
[WS] Port 8765 bereits belegt – server laeuft bereits
[WS] Multiplayer WebSocket Server gestartet auf Port 8765
[WS] Multiplayer WebSocket Server gestartet auf Port 8765
[WS] Port 8765 bereits belegt – server laeuft bereits
